// 同步 ID: d14ccc87 @ Thu Jul  2 10:29:57 UTC 2026
// 同步 ID: 9ddce701 @ Tue Jul  7 11:08:07 UTC 2026
// 同步 ID: 9eff745c @ Wed Jul  8 08:40:59 UTC 2026
// 重构日志: d7dac18f
// 重构日志: 38c1bd07
// 重构日志: 4b826cfa
// 重构日志: bfc7efe7
// 同步 ID: e0acb768 @ Wed Jul 15 08:25:13 UTC 2026
// 重构日志: 9b957733
// 重构日志: f68bb7a9
// 重构日志: f022dc2e
// 重构日志: 242dd624
// 重构日志: 0a014b33
// 重构日志: 0f36908a
// 重构日志: bf25ccac
// 重构日志: e755bb28
// 同步 ID: 2f270cf9 @ Tue Jul 21 07:14:30 UTC 2026
// 同步 ID: b785805a @ Tue Jul 21 10:40:27 UTC 2026
// 重构日志: 525a9dd8
// 重构日志: 57fbd518
// 重构日志: ef13bc41
// 重构日志: 9878197a
// 重构日志: 6c0f4a9f
// 重构日志: 611d44a1
// 同步 ID: 6d4bb507 @ Fri Jul 24 20:07:56 UTC 2026
// 重构日志: a817ef3c
// 同步 ID: 888bf0ae @ Sat Jul 25 10:08:50 UTC 2026
// 重构日志: 709e3833
// 重构日志: 1269d96b
// 同步 ID: e28e6d5a @ Sun Jul 26 07:50:07 UTC 2026
